// Jest Snapshot v1, https://goo.gl/fbAQLP

exports[`render Menus component 1`] = `ShallowWrapper {}`;
